\BOOKMARK [0][-]{chapter.1}{Introduzione}{}% 1
\BOOKMARK [1][-]{section.1.1}{La\040dislessia}{chapter.1}% 2
\BOOKMARK [2][-]{subsection.1.1.1}{Definizione\040e\040criteri\040diagnostici}{section.1.1}% 3
\BOOKMARK [2][-]{subsection.1.1.2}{Prevalenza\040ed\040epidemiologia}{section.1.1}% 4
\BOOKMARK [2][-]{subsection.1.1.3}{Cause\040e\040fattori\040neurobiologici}{section.1.1}% 5
\BOOKMARK [2][-]{subsection.1.1.4}{Caratteristiche\040cliniche\040e\040sintomi\040principali}{section.1.1}% 6
\BOOKMARK [2][-]{subsection.1.1.5}{Diagnosi\040e\040valutazione}{section.1.1}% 7
\BOOKMARK [2][-]{subsection.1.1.6}{Interventi\040e\040strategie\040di\040supporto}{section.1.1}% 8
\BOOKMARK [2][-]{subsection.1.1.7}{Aspetti\040emotivi\040e\040psicologici}{section.1.1}% 9
\BOOKMARK [2][-]{subsection.1.1.8}{Vita\040adulta\040e\040prospettive\040future}{section.1.1}% 10
\BOOKMARK [2][-]{subsection.1.1.9}{In\040breve}{section.1.1}% 11
\BOOKMARK [1][-]{section.1.2}{L'Avvento\040delle\040nuove\040tecnologie}{chapter.1}% 12
\BOOKMARK [2][-]{subsection.1.2.1}{Il\040concetto\040di\040accessibilit\340\040e\040l\220impatto\040delle\040tecnologie}{section.1.2}% 13
\BOOKMARK [2][-]{subsection.1.2.2}{Le\040WCAG\0402.0:\040linee\040guida\040per\040il\040web}{section.1.2}% 14
\BOOKMARK [2][-]{subsection.1.2.3}{Origine\040e\040struttura\040delle\040WCAG}{section.1.2}% 15
\BOOKMARK [2][-]{subsection.1.2.4}{I\040quattro\040principi\040fondamentali\040\(POUR\)}{section.1.2}% 16
\BOOKMARK [2][-]{subsection.1.2.5}{Adozione\040e\040benefici}{section.1.2}% 17
\BOOKMARK [2][-]{subsection.1.2.6}{Sviluppo\040di\040software\040e\040hardware\040\215user\040friendly\216}{section.1.2}% 18
\BOOKMARK [2][-]{subsection.1.2.7}{Sviluppo\040software\040inclusivo}{section.1.2}% 19
\BOOKMARK [2][-]{subsection.1.2.8}{Linee\040guida\040e\040toolkit}{section.1.2}% 20
\BOOKMARK [2][-]{subsection.1.2.9}{Rispetto\040degli\040standard}{section.1.2}% 21
\BOOKMARK [2][-]{subsection.1.2.10}{Sviluppo\040hardware\040inclusivo}{section.1.2}% 22
\BOOKMARK [2][-]{subsection.1.2.11}{Esempi\040pratici\040di\040tecnologie\040e\040progetti\040inclusivi}{section.1.2}% 23
\BOOKMARK [2][-]{subsection.1.2.12}{Benefici\040secondari\040dell\220accessibilit\340}{section.1.2}% 24
\BOOKMARK [2][-]{subsection.1.2.13}{Legislazione\040e\040normative\040di\040riferimento}{section.1.2}% 25
\BOOKMARK [2][-]{subsection.1.2.14}{Prospettive\040future}{section.1.2}% 26
\BOOKMARK [1][-]{section.1.3}{L'approccio\040alla\040dislessia\040con\040le\040nuove\040tecnologie}{chapter.1}% 27
\BOOKMARK [2][-]{subsection.1.3.1}{L'informatica\040ed\040i\040moderni\040approcci\040tecnologici}{section.1.3}% 28
\BOOKMARK [2][-]{subsection.1.3.2}{Prospettive\040future}{section.1.3}% 29
\BOOKMARK [1][-]{section.1.4}{Il\040ruolo\040della\040IA\040generativa\040nel\040campo\040DSA}{chapter.1}% 30
\BOOKMARK [2][-]{subsection.1.4.1}{Cosa\040si\040intende\040per\040Intelligenza\040Artificiale\040generativa}{section.1.4}% 31
\BOOKMARK [2][-]{subsection.1.4.2}{Le\040radici\040storiche\040dell\220IA\040dagli\040albori\040ai\040pri-\040mi\040modelli\040generativi:\040un\040breve\040rassegna\040cronologica}{section.1.4}% 32
\BOOKMARK [2][-]{subsection.1.4.3}{L\220avvento\040dei\040sistemi\040conversazionali\040\(anni\040\21760-\21770\)}{section.1.4}% 33
\BOOKMARK [2][-]{subsection.1.4.4}{Il\040salto\040di\040qualit\340:\040reti\040neurali\040e\040apprendimento\040profondo}{section.1.4}% 34
\BOOKMARK [2][-]{subsection.1.4.5}{L\220era\040del\040Deep\040Learning\040\(anni\0402000-2010\)}{section.1.4}% 35
\BOOKMARK [2][-]{subsection.1.4.6}{La\040svolta\040generativa:\040dalle\040GAN\040ai\040Transformer}{section.1.4}% 36
\BOOKMARK [2][-]{subsection.1.4.7}{La\040rivoluzione\040dei\040Transformer}{section.1.4}% 37
\BOOKMARK [2][-]{subsection.1.4.8}{L\220impatto\040culturale\040della\040Generative\040AI}{section.1.4}% 38
\BOOKMARK [2][-]{subsection.1.4.9}{Rivoluzione\040sociale\040ed\040economica}{section.1.4}% 39
\BOOKMARK [2][-]{subsection.1.4.10}{Perch\351\040l'IA\040\350\040stata\040\(ed\040\350\)\040rivoluzionaria}{section.1.4}% 40
\BOOKMARK [2][-]{subsection.1.4.11}{In\040breve}{section.1.4}% 41
\BOOKMARK [0][-]{chapter.2}{Tecnologie\040utilizzate}{}% 42
\BOOKMARK [1][-]{section.2.1}{Il\040Framework\040Flutter}{chapter.2}% 43
\BOOKMARK [1][-]{section.2.2}{Cenni\040storici}{chapter.2}% 44
\BOOKMARK [2][-]{subsection.2.2.1}{Il\040progetto\040Sky:\040i\040prodromi\040di\040Flutter}{section.2.2}% 45
\BOOKMARK [2][-]{subsection.2.2.2}{L\220annuncio\040ufficiale\040di\040Flutter}{section.2.2}% 46
\BOOKMARK [2][-]{subsection.2.2.3}{Versione\040stabile\040e\040adozione\040in\040crescita}{section.2.2}% 47
\BOOKMARK [1][-]{section.2.3}{Perch\351\040Flutter\040\350\040stato\040rivoluzionario?}{chapter.2}% 48
\BOOKMARK [2][-]{subsection.2.3.1}{Unico\040framework\040per\040pi\371\040piattaforme}{section.2.3}% 49
\BOOKMARK [2][-]{subsection.2.3.2}{Hot\040Reload\040e\040sviluppo\040rapido}{section.2.3}% 50
\BOOKMARK [2][-]{subsection.2.3.3}{Widget\040personalizzabili\040e\040design\040coerente}{section.2.3}% 51
\BOOKMARK [1][-]{section.2.4}{La\040rivoluzione\040di\040Flutter}{chapter.2}% 52
\BOOKMARK [2][-]{subsection.2.4.1}{Unificazione\040dello\040sviluppo\040cross-platform}{section.2.4}% 53
\BOOKMARK [2][-]{subsection.2.4.2}{Prestazioni\040elevate}{section.2.4}% 54
\BOOKMARK [2][-]{subsection.2.4.3}{Community\040e\040ecosistema\040in\040rapida\040espansione}{section.2.4}% 55
\BOOKMARK [2][-]{subsection.2.4.4}{Hot\040Reload\040e\040produttivit\340}{section.2.4}% 56
\BOOKMARK [1][-]{section.2.5}{Evoluzione\040e\040impatto\040culturale/industriale}{chapter.2}% 57
\BOOKMARK [2][-]{subsection.2.5.1}{Adozione\040da\040parte\040di\040aziende\040e\040sviluppatori}{section.2.5}% 58
\BOOKMARK [2][-]{subsection.2.5.2}{Convergenza\040tra\040mobile,\040desktop\040e\040web}{section.2.5}% 59
\BOOKMARK [2][-]{subsection.2.5.3}{Ruolo\040didattico\040e\040formativo}{section.2.5}% 60
\BOOKMARK [1][-]{section.2.6}{In\040definitiva}{chapter.2}% 61
\BOOKMARK [1][-]{section.2.7}{Dart:\040un\040linguaggio\040multipiattaforma}{chapter.2}% 62
\BOOKMARK [2][-]{subsection.2.7.1}{La\040necessit\340\040di\040un\040nuovo\040linguaggio\040per\040il\040web}{section.2.7}% 63
\BOOKMARK [2][-]{subsection.2.7.2}{Il\040lancio\040di\040Dart}{section.2.7}% 64
\BOOKMARK [1][-]{section.2.8}{Principi\040fondamentali\040e\040prime\040versioni}{chapter.2}% 65
\BOOKMARK [2][-]{subsection.2.8.1}{Flessibilit\340\040e\040portabilit\340}{section.2.8}% 66
\BOOKMARK [2][-]{subsection.2.8.2}{Dart\0401.0\040\(2013\)}{section.2.8}% 67
\BOOKMARK [1][-]{section.2.9}{Evoluzione\040e\040caratteristiche\040rivoluzionarie}{chapter.2}% 68
\BOOKMARK [2][-]{subsection.2.9.1}{Dall\220interpretazione\040alla\040compilazione\040AOT}{section.2.9}% 69
\BOOKMARK [2][-]{subsection.2.9.2}{Dart\0402.0\040\(2018\)\040e\040la\040tipizzazione\040forte}{section.2.9}% 70
\BOOKMARK [2][-]{subsection.2.9.3}{Dart\040DevTools\040e\040Hot\040Reload}{section.2.9}% 71
\BOOKMARK [1][-]{section.2.10}{Dart\040e\040Flutter:\040un\040legame\040strategico}{chapter.2}% 72
\BOOKMARK [2][-]{subsection.2.10.1}{La\040Simbiosi}{section.2.10}% 73
\BOOKMARK [2][-]{subsection.2.10.2}{I\040vantaggi\040di\040Dart\040nel\040contesto\040mobile}{section.2.10}% 74
\BOOKMARK [1][-]{section.2.11}{Perch\351\040Dart\040\350\040stato\040rivoluzionario}{chapter.2}% 75
\BOOKMARK [1][-]{section.2.12}{Adozione\040industriale\040e\040prospettive}{chapter.2}% 76
\BOOKMARK [1][-]{section.2.13}{In\040conclusione}{chapter.2}% 77
\BOOKMARK [1][-]{section.2.14}{Il\040Modello\040VOSK}{chapter.2}% 78
\BOOKMARK [2][-]{subsection.2.14.1}{Origini\040e\040contesto\040storico:\040L'evoluzione\040dei\040sistemi\040di\040riconoscimento\040vocale}{section.2.14}% 79
\BOOKMARK [2][-]{subsection.2.14.2}{Kaldi\040e\040la\040nascita\040di\040VOSK}{section.2.14}% 80
\BOOKMARK [1][-]{section.2.15}{Caratteristiche\040tecniche\040di\040VOSK}{chapter.2}% 81
\BOOKMARK [2][-]{subsection.2.15.1}{Funzionamento\040offline}{section.2.15}% 82
\BOOKMARK [2][-]{subsection.2.15.2}{Supporto\040multilingua\040e\040modelli\040pre-addestrati}{section.2.15}% 83
\BOOKMARK [2][-]{subsection.2.15.3}{Architettura\040modulare}{section.2.15}% 84
\BOOKMARK [2][-]{subsection.2.15.4}{Licenza\040Open\040Source}{section.2.15}% 85
\BOOKMARK [1][-]{section.2.16}{L\220approccio\040open\040source:\040vantaggi\040rispetto\040alle\040soluzioni\040closed}{chapter.2}% 86
\BOOKMARK [1][-]{section.2.17}{L\220integrazione\040di\040VOSK\040in\040Flutter}{chapter.2}% 87
\BOOKMARK [2][-]{subsection.2.17.1}{Plugin\040e\040pacchetti\040di\040terze\040parti}{section.2.17}% 88
\BOOKMARK [2][-]{subsection.2.17.2}{Processo\040di\040integrazione\040nel\040Progetto}{section.2.17}% 89
\BOOKMARK [2][-]{subsection.2.17.3}{Vantaggi\040di\040VOSK\040su\040Flutter}{section.2.17}% 90
\BOOKMARK [1][-]{section.2.18}{Perch\351\040VOSK\040\350\040rivoluzionario}{chapter.2}% 91
\BOOKMARK [1][-]{section.2.19}{Riflessioni\040sul\040futuro\040e\040prospettive}{chapter.2}% 92
\BOOKMARK [1][-]{section.2.20}{In\040conclusione}{chapter.2}% 93
\BOOKMARK [0][-]{chapter.3}{Processo\040di\040Sviluppo\040del\040Software}{}% 94
\BOOKMARK [1][-]{section.3.1}{La\040Scelta\040del\040Cross-Platform}{chapter.3}% 95
\BOOKMARK [1][-]{section.3.2}{Design\040del\040Software}{chapter.3}% 96
\BOOKMARK [2][-]{subsection.3.2.1}{Alberatura\040del\040Progetto}{section.3.2}% 97
\BOOKMARK [2][-]{subsection.3.2.2}{Struttura\040del\040Progetto}{section.3.2}% 98
\BOOKMARK [2][-]{subsection.3.2.3}{Origini\040del\040concetto\040di\040architettura\040a\040livelli}{section.3.2}% 99
\BOOKMARK [2][-]{subsection.3.2.4}{Principi\040fondanti}{section.3.2}% 100
\BOOKMARK [1][-]{section.3.3}{Struttura\040tipica\040di\040un\040progetto\040Flutter}{chapter.3}% 101
\BOOKMARK [2][-]{subsection.3.3.1}{Il\040contesto\040Flutter}{section.3.3}% 102
\BOOKMARK [1][-]{section.3.4}{Descrizione\040dei\040livelli}{chapter.3}% 103
\BOOKMARK [1][-]{section.3.5}{Vantaggi\040specifici\040dell\220approccio}{chapter.3}% 104
\BOOKMARK [2][-]{subsection.3.5.1}{Manutenibilit\340\040e\040testabilit\340}{section.3.5}% 105
\BOOKMARK [2][-]{subsection.3.5.2}{Scalabilit\340}{section.3.5}% 106
\BOOKMARK [2][-]{subsection.3.5.3}{Principio\040di\040\215Single\040Responsibility\216}{section.3.5}% 107
\BOOKMARK [1][-]{section.3.6}{Criticit\340\040e\040limiti}{chapter.3}% 108
\BOOKMARK [1][-]{section.3.7}{Pattern\040collegati\040in\040Flutter}{chapter.3}% 109
\BOOKMARK [2][-]{subsection.3.7.1}{BLoC\040\(Business\040Logic\040Component\)}{section.3.7}% 110
\BOOKMARK [2][-]{subsection.3.7.2}{Provider\040/\040Riverpod}{section.3.7}% 111
\BOOKMARK [2][-]{subsection.3.7.3}{Clean\040Architecture}{section.3.7}% 112
\BOOKMARK [2][-]{subsection.3.7.4}{Uso\040dell'Architettura\040a\040Livelli}{section.3.7}% 113
\BOOKMARK [1][-]{section.3.8}{L'Uso\040della\040Gamification}{chapter.3}% 114
\BOOKMARK [2][-]{subsection.3.8.1}{Origini\040e\040definizione}{section.3.8}% 115
\BOOKMARK [2][-]{subsection.3.8.2}{Meccaniche\040e\040dinamiche\040di\040gioco}{section.3.8}% 116
\BOOKMARK [0][-]{chapter.4}{Sviluppo}{}% 117
\BOOKMARK [1][-]{section.4.1}{Le\040Meccaniche\040di\040gioco\040nella\040User\040Journey}{chapter.4}% 118
\BOOKMARK [2][-]{subsection.4.1.1}{I\040Trofei}{section.4.1}% 119
\BOOKMARK [2][-]{subsection.4.1.2}{La\040Durata\040di\040Gioco}{section.4.1}% 120
\BOOKMARK [2][-]{subsection.4.1.3}{Gli\040Esercizi}{section.4.1}% 121
\BOOKMARK [2][-]{subsection.4.1.4}{Il\040Profilo}{section.4.1}% 122
\BOOKMARK [1][-]{section.4.2}{L'Interfaccia\040grafica}{chapter.4}% 123
\BOOKMARK [2][-]{subsection.4.2.1}{La\040Schermata\040di\040Avvio}{section.4.2}% 124
\BOOKMARK [2][-]{subsection.4.2.2}{La\040Selezione\040del\040Profilo}{section.4.2}% 125
\BOOKMARK [2][-]{subsection.4.2.3}{La\040Schermata\040di\040Gioco\040Principale}{section.4.2}% 126
\BOOKMARK [2][-]{subsection.4.2.4}{Le\040Sfide}{section.4.2}% 127
\BOOKMARK [2][-]{subsection.4.2.5}{I\040Trofei}{section.4.2}% 128
\BOOKMARK [2][-]{subsection.4.2.6}{Avvio\040degli\040Esercizi}{section.4.2}% 129
\BOOKMARK [2][-]{subsection.4.2.7}{Uso\040e\040applicazioni}{section.4.2}% 130
\BOOKMARK [2][-]{subsection.4.2.8}{Propriet\340\040e\040varianti}{section.4.2}% 131
\BOOKMARK [2][-]{subsection.4.2.9}{Formalizzazione\040della\040distanza}{section.4.2}% 132
\BOOKMARK [2][-]{subsection.4.2.10}{Descrizione\040dell'algoritmo}{section.4.2}% 133
\BOOKMARK [2][-]{subsection.4.2.11}{Esempio\040di\040calcolo\040dettagliato}{section.4.2}% 134
\BOOKMARK [2][-]{subsection.4.2.12}{Analisi\040dell'algoritmo}{section.4.2}% 135
\BOOKMARK [2][-]{subsection.4.2.13}{Il\040Feedback\040dell'Esercizio}{section.4.2}% 136
\BOOKMARK [1][-]{section.4.3}{Il\040Profilo\040Admin}{chapter.4}% 137
\BOOKMARK [1][-]{section.4.4}{Possibili\040implementazioni\040future}{chapter.4}% 138
\BOOKMARK [0][-]{chapter.5}{Problemi\040riscontrati\040e\040soluzioni\040proposte}{}% 139
\BOOKMARK [1][-]{section.5.1}{Creare\040gli\040Eseguibili\040con\040Flutter}{chapter.5}% 140
\BOOKMARK [1][-]{section.5.2}{Apple\040e\040le\040sue\040politiche\040di\040distribuzione\040del\040software}{chapter.5}% 141
\BOOKMARK [1][-]{section.5.3}{La\040scelta\040di\040Recorder\040come\040Plugin\040di\040Registrazione}{chapter.5}% 142
\BOOKMARK [1][-]{section.5.4}{I\040problemi\040di\040un\040ambiente\040non\040trattato\040per\040l'audio}{chapter.5}% 143
\BOOKMARK [0][-]{chapter.6}{Conclusioni}{}% 144
\BOOKMARK [0][-]{chapter.7}{Appendice\040A\040-\040Elementi\040di\040Gioco}{}% 145
\BOOKMARK [1][-]{section.7.1}{Sfide}{chapter.7}% 146
\BOOKMARK [1][-]{section.7.2}{Trofei}{chapter.7}% 147
\BOOKMARK [1][-]{section.7.3}{Livelli}{chapter.7}% 148
\BOOKMARK [1][-]{section.7.4}{Configurazioni\040dell'Applicazione}{chapter.7}% 149
\BOOKMARK [0][-]{chapter.8}{Appendice\040B\040-\040Codice}{}% 150
\BOOKMARK [1][-]{section.8.1}{VoskService}{chapter.8}% 151
\BOOKMARK [1][-]{section.8.2}{SpeechRecognitionService}{chapter.8}% 152
\BOOKMARK [1][-]{section.8.3}{AudioService}{chapter.8}% 153
